{"name":"Project 2","description":"This is the second project that I want created","total":0,"entries":[]}